INFO:core:POX 0.2.0 (carp) is up.
INFO:openflow.of_01:[None 1] closed
INFO:openflow.of_01:[00-00-00-00-00-01 2] connected
OpenFlow switch 1 connected

----starting pyretic shutdown------
attempting to kill of_client
attempting get output of of_client:
None
pyretic.py done
